[    0.000000] Initializing cgroup subsys cpuset
[    0.000000] Initializing cgroup subsys cpu
[    0.000000] Initializing cgroup subsys cpuacct
[    0.000000] Linux version 4.4.0-137-generic (buildd@lgw01-amd64-037) (gcc version 5.4.0 20160609 (Ubuntu 5.4.0-6ubuntu1~16.04.10) ) #163-Ubuntu SMP Mon Sep 24 13:14:43 UTC 2018 (Ubuntu 4.4.0-137.163-generic 4.4.144)
[    0.000000] Command line: BOOT_IMAGE=/boot/vmlinuz-4.4.0-137-generic root=LABEL=cloudimg-rootfs ro consoletty1 console=ttyS0
[    0.000000] KERNEL supported cpus:
[    0.000000]   Intel GenuineIntel
[    0.000000]   AMD AuthenticAMD
[    0.000000]   Centaur CentaurHauls
[    0.000000] x86/fpu: xstate_offset[2]:  576, xstate_sizes[2]:  256
[    0.000000] x86/fpu: Supporting XSAVE feature 0x01: 'x87 loating point regsters'
[    0.000000] x86/fpu: Supporting XSAVE feature 0x02: 'SSE registrs'
[    0.000000] x86/fpu: Supporting XSAVE feature 0x04: 'AVX registers'
[    0.000000] x86/fpu: Enabled xstate features 0x7, context size is 832 bytes, using 'standard' format.
[    0.000000] e820: BIOS-provided phsical RAM map:
[   0.00000] BIOS-e820: [mem 0x0000000000000000-0x000000000009fbff] usable
[   0.000000] BIOS-e820: [mem 0x00000000009fc00-0x000000000009ffff] reserved
[    0.000000] BOS-e820: [mem 0x00000000000f0000-x00000000000fffff] reserved[    0.00000] BIOS-e820: [mem 0x0000000000100000-0x000000003ffeffff] usable
[    0.000000] BIOS-e820: [mem0x000000003fff000-0x000000003fffffff] CPI data
[    0.00000] BS-e820: [mem 0x00000000fec00000-0x00000000fe00fff] resrved
[   0.000000] BIOS-e820: [mem 0x00000000fee00000-000000000fee00fff] reserved
[   0.00000] BIOS-e820: [mem 0x00000000fffc0000-0x00000000ffffffff] reserved
[    0.000000] NX (Execute Disble) potection: active
[    0.000000] SMBIOS 2.5 present.
[    0.000000] Hypervisor detected: KVM
[    0.000000] e820: last_pfn = 0x3fff0 max_arch_pfn = 0x400000000
[    0.000000] MRRR: Disbled
[    0.000000] x86/PAT: MTRR disabled, skipping PAT initialization too.
[    0.000000 CPU MTRRs all blank - virtualized system.
[    0.000000] x86/PAT: Configuration [0-7]: WB  WT  UC- UC  WB  WT  C- UC  
[    0.000000] found SMP MP-table at [mem 0x0009ff0-0x0009ffff] mapped at [ffff88000009fff0]
[    0.000000] Scanning 1 areas for low memory corruption
[    0.000000] RAMDISK: [mem 0x3630e000-0x3717efff]
[    .000000] ACPI: Early table checksum verification disable
[    0.000000] ACPI: RSDP 0x00000000000E0000 000024 (v02 VBO  )
[    0.000000] ACP: XSDT 0x000000003FFF0030 00003C (v01 VBOX   VBOXXSDT 00000001 ASL  00000661)
[    0.000000] ACPI: FACP 0x00000003FFF00F0 0000F4 (v0 VBOX   VBOXFACP 00000001 ASL  00000061)
[    0.000000] ACPI: DSDT 0x000000003FFF0470 0021FF (v02 VBOX   VBOXBIOS 00000002 INTL 210528)
[    0.00000] ACPI: FACS 0x000000003FF0200 00040
[    0.000000] ACPI: FACS 0x000000003FFF0200000040
[    0.000000] ACPI: APIC 0x000000003FFF0240 00005C (v02 VBOX   VBOOXAPIC 00000001 ASL  00000061)
[    0.000000] ACPI: SSDT 0x000000003FFF02A0 0001CC (v01 VBOX   VBOXCPUT 00000002 INTL 20100528)
[    0.000000] No NUMA configuration found
[    0.000000] Faking a node at [mem 0x0000000000000000-0x000000003ffeffff]
[    0.000000] NODE_DATA(0) allocated [mem 0x3ffeb000-0xffeffff][    0.000000] kvm-clock: Using msrs 4b564d01 and 4b564d00
[    0.000000] kvm-clock: cpu 0,msr 0:3ffe3001, primary cpu clock
[    0.000000] kvm-clock: using sched offset of 875701484 cycles
[    0.000000] clockource: vm-clock: mask: 0xfffffffffffffff max_cycles: 0x1cd42e4dffb, max_idle_ns: 881590591483 ns
[    .000000] Zone rangs:
[    0.00000]   MA      [mem 0x000000000001000-x000000000ffffff
[    0.000000]   DMA32    [mem 0x0000000001000000-0x000000003ffeffff]
[    0.000000]   Normal   empty
[    0.000000]   Device   empty
[    0.00000] Movablezone start for each node
[    0.000000] Earl memory node ranges
[    0.00000]   node   0: [mem 0x0000000000001000-0x000000000009eff]
[    0.000000]   node   0: [mem 0x0000000000100000-0x00000003ffeff]
[    0.000000] Initmem setup node 0 [mem 0x0000000000001000-0x000000003ffeffff]
[    0.000000] ACPI: PM-Tmer IO Port: 0x4008
[    0.000000] IOAPIC[0]: api_id 2, versin 32, addres 0xfec00000, GSI 0-23
[    0.00000] API: INT_SRC_OVR (bus 0 bus_irq 0 global_irq 2 dfl dfl)
[    0.00000] ACPI: INT_SRC_OVR (bus 0 bus_irq 9 global_irq 9 low level)
[    0.000000] Using ACPI (MADT) for SMP configration information
[    0.00000] smpboot: Allowing 2 CPU, 0 hotplug CPUs
[    0.000000] PM: Registered nosave memory: [mem 0x00000000-0x00000fff]
[    .000000] PM: Registered nosave memory: [mem 0x0009f000-0x0009ffff]
[   0.00000] PM: Registered nosave memory: [mem 0x000a0000-0x000effff]
[    0.000000] PM: Registered nosave memory: [mem 0x000f0000-0x000fffff]
[    0.0000000] e820: [me 0x40000000-0xfebfffff] available for PCI devices
[    0.00000] Booting paravirtualized kernelon KVM
[    0.000000] clocksource: refined-jiffies: mask: 0xffffffff max_cycles: 0xffffffff, max_idle_ns: 7645519600211568 ns
[   0.000000] setup_percpu: NR_CPUS:512 nr_cpumask_bits:512 nr_cpu_ids:2 nr_node_ids:1
[    0.000000] PERCPU: Embedded 34 pages/cpu @ffff88003fc0000 s99608 r8192 d31464 u1048576
[    .000000] PV qspinlock hash table entries: 256 (order: 0, 4096 bytes)
[    .000000] Built 1 zonelists in Node order, mobility grouping on.  Total pages: 257912
[    0.000000] Policy zone: DMA32
[    0.000000] Kernel command ine: BOOT_IMAGE=/bot/vmlinuz-4.4.0137-generic root=LABEL=cloudimg-rootfs ro console=tty1 console=ttyS0
[    0.000000] PID hash table entries: 4096 (order:3, 32768ytes)
[    0.000000] Memory: 997716K/1048120K available (8555K kernel code, 1314K rwdata, 4004K rodta, 1528K init, 1316K bss, 50404K reserved, 0K cma-reserved)
[    0.00000] SLUB: HWalign=64, Oder=0-3, MinObjects=0, CPUs=2, Nodes=1
[    0.000000] Kernel/User page tables isolation: enabled
[    0.000000]Hierarchical RCU implementation.
[    0.000000] 	Build-time adjustment of leaf fanout t 64.
[    0.000000] 	RCU restricting CPUs fromNR_CPUS=512 to nr_cpu_ids=2.
[   0.000000] RCU: Adjusting geometry for rcu_fanout_leaf=64, nr_cpu_ids=2
[    0.000000] NR_IR:333024 nr_irqs:440 1
[    0.000000] Console: colour VGA+ 80x25
[    0.000000] consle [tty1] enabled
[    0.00000] console [ttyS0] enabled
[    0.000000] tsc: Detected 1599.999 MHz processor
[    2.528206] Calibrating delay loop (skipped) preset value.. 3199.99 BogoMIPS (lpj=6399996)
[    2.545803] pid_max: default: 32768 minimum: 301
[    2.553609] ACPI: Core revision 20150930
[    2.556451] ACPI: 2 ACPI AML tables successfully acquired and loaded
[    2.561843] Security Framework initialized
[    2.563913] Yama: becoming mindful.
[    2.566579] AppArmor: AppArmor initialized
[    2.569618] Dentry cache hash table entries: 131072 (order: 8, 1048576 bytes)
[    2.579313] Inode-cache hash table entries: 65536 (order: 7, 524288 bytes)
[    2.588675] Mount-cache hash table entries: 2048 (order: 2, 16384 bytes)
[    2.598596] Mountpoint-cache hash table entries: 2048 (order: 2, 16384 bytes)
[    2.605700] Initializing cgroup subsys io
[    2.612224] Initializing cgroup subsys memory
[    2.619232] Initializing cgroup subsys devices
[    2.633423] Initializing cgroup subsys freezer
[    2.642509] Initializing cgroup subsys net_cls
[    2.651850] Initializing cgroup subsys perf_event
[    2.657973] Initializing cgroup subsys net_prio
[    2.660138] Initializing cgroup subsys hugetlb
[    2.664702] Initializing cgroup subsys pids
[    2.674568] mce: CPU supports 0 MCE banks
[    2.677771] Last level iTLB entries: 4KB 64, 2MB 8, 4MB 8
[    2.685012] Last level dTLB entries: 4KB 64, 2MB 0, 4MB 0, 1GB 4
[    2.688588] Spectre V2 : Mitigation: Full generic retpoline
[    2.693456] Spectre V2 : Spectre v2 mitigation: Speculation control IBPB not-supported IBRS not-supported
[    2.699259] Spectre V2 : Spectre v2 / SpectreRSB mitigation: Filling RSB on context switch
[    2.706515] Speculative Store Bypass: Vulnerable
[    2.715720] Freeing SMP alternatives memory: 32K
[    2.727243] ftrace: allocating 32265 entries in 127 pages
[    2.797898] smpboot: APIC(0) Converting physical 0 to logical package 0
[    2.803927] smpboot: Max logical packages: 1
[    2.809813] x2apic enabled
[    2.811294] Switched APIC routing to physical x2apic.
[    2.814884] ..TIMER: vector=0x30 apic1=0 pin1=2 apic2=-1 pin2=-1
[    2.928038] smpboot: CPU0: Intel(R) Core(TM) i5-5250U CPU @ 1.60GHz (family: 0x6, model: 0x3d, stepping: 0x4)
[    2.937034] Performance Events: unsupported p6 CPU model 61 no PMU driver, software events only.
[    2.973907] KVM setup paravirtual spinlock
[    2.979176] x86: Booting SMP configuration:
[    2.985921] .... node  #0, CPUs:      #1
[    2.994686] kvm-clock: cpu 1, msr 0:3ffe3041, secondary cpu clock
[    2.998323] mce: CPU supports 0 MCE banks
[    3.001680] x86: Booted up 1 node, 2 CPUs
[    3.010001] smpboot: Total of 2 processors activated (6399.99 BogoMIPS)
[    3.015718] devtmpfs: initialized
[    3.020712] evm: security.selinux
[    3.023444] evm: security.SMACK64
[    3.026114] evm: security.SMACK64EXEC
[    3.031862] evm: security.SMACK64TRANSMUTE
[    3.033557] evm: security.SMACK64MMAP
[    3.037136] evm: security.ima
[    3.039886] evm: security.capability
[    3.043404] clocksource: jiffies: mask: 0xffffffff max_cycles: 0xffffffff, max_idle_ns: 7645041785100000 ns
[    3.047935] futex hash table entries: 512 (order: 3, 32768 bytes)
[    3.060040] pinctrl core: initialized pinctrl subsystem
[    3.062387] RTC time: 14:31:49, date: 10/29/18
[    3.068228] NET: Registered protocol family 16
[    3.081155] cpuidle: using governor ladder
[    3.097304] cpuidle: using governor menu
[    3.102540] PCCT header not found.
[    3.108436] ACPI: bus type PCI registered
[    3.110269] acpiphp: ACPI Hot Plug PCI Controller Driver version: 0.5
[    3.120097] PCI: Using configuration type 1 for base access
[    3.139862] ACPI: Added _OSI(Module Device)
[    3.152847] ACPI: Added _OSI(Processor Device)
[    3.155191] ACPI: Added _OSI(3.0 _SCP Extensions)
[    3.161203] ACPI: Added _OSI(Processor Aggregator Device)
[    3.171366] ACPI: Executed 1 blocks of module-level executable AML code
[    3.182166] ACPI: Interpreter enabled
[    3.185201] ACPI: (supports S0 S5)
[    3.190855] ACPI: Using IOAPIC for interrupt routing
[    3.193116] PCI: Using host bridge windows from ACPI; if necessary, use "pci=nocrs" and report a bug
[    3.203554] ACPI: PCI Root Bridge [PCI0] (domain 0000 [bus 00-ff])
[    3.210029] acpi PNP0A03:00: _OSC: OS supports [ASPM ClockPM Segments MSI]
[    3.214714] acpi PNP0A03:00: _OSC: not requesting OS control; OS requires [ExtendedConfig ASPM ClockPM MSI]
[    3.227083] acpi PNP0A03:00: fail to add MMCONFIG information, can't access extended PCI configuration space under this bridge.
[    3.239926] PCI host bridge to bus 0000:00
[    3.243383] pci_bus 0000:00: root bus resource [io  0x0000-0x0cf7 window]
[    3.251614] pci_bus 0000:00: root bus resource [io  0x0d00-0xffff window]
[    3.255182] pci_bus 0000:00: root bus resource [mem 0x000a0000-0x000bffff window]
[    3.259399] pci_bus 0000:00: root bus resource [mem 0x40000000-0xfdffffff window]
[    3.262505] pci_bus 0000:00: root bus resource [bus 00-ff]
[    3.271262] pci 0000:00:01.1: legacy IDE quirk: reg 0x10: [io  0x01f0-0x01f7]
[    3.275785] pci 0000:00:01.1: legacy IDE quirk: reg 0x14: [io  0x03f6]
[    3.280445] pci 0000:00:01.1: legacy IDE quirk: reg 0x18: [io  0x0170-0x0177]
[    3.286639] pci 0000:00:01.1: legacy IDE quirk: reg 0x1c: [io  0x0376]
[    3.326434] pci 0000:00:07.0: quirk: [io  0x4000-0x403f] claimed by PIIX4 ACPI
[    3.334671] pci 0000:00:07.0: quirk: [io  0x4100-0x410f] claimed by PIIX4 SMB
[    3.358048] ACPI: PCI Interrupt Link [LNKA] (IRQs 5 9 10 *11)
[    3.362569] ACPI: PCI Interrupt Link [LNKB] (IRQs 5 9 *10 11)
[    3.371936] ACPI: PCI Interrupt Link [LNKC] (IRQs 5 *9 10 11)
[    3.375438] ACPI: PCI Interrupt Link [LNKD] (IRQs 5 9 10 *11)
[    3.387698] ACPI: Enabled 2 GPEs in block 00 to 07
[    3.402531] vgaarb: setting as boot device: PCI:0000:00:02.0
[    3.410197] vgaarb: device added: PCI:0000:00:02.0,decodes=io+mem,owns=io+mem,locks=none
[    3.418872] vgaarb: loaded
[    3.420367] vgaarb: bridge control possible 0000:00:02.0
[    3.422852] SCSI subsystem initialized
[    3.428085] ACPI: bus type USB registered
[    3.430090] usbcore: registered new interface driver usbfs
[    3.435097] usbcore: registered new interface driver hub
[    3.442380] usbcore: registered new device driver usb
[    3.456683] PCI: Using ACPI for IRQ routing
[    3.460252] NetLabel: Initializing
[    3.463234] NetLabel:  domain hash size = 128
[    3.468790] NetLabel:  protocols = UNLABELED CIPSOv4
[    3.470926] NetLabel:  unlabeled traffic allowed by default
[    3.478781] amd_nb: Cannot enumerate AMD northbridges
[    3.483090] clocksource: Switched to clocksource kvm-clock
[   3.498255] AppArmor: AppArorilesystem Enabled
[    3.62567] pnp: PnP ACPI iit
[    3.74878] pnp PnPACPI: found3 devices

[    3.866665] clocksource: acpi_pm: mask: 0xffffff max_cycles: 0xffffff, max_idle_ns: 2085701024 ns
[    3.870577] NET: egistered protocol family 2

[    3.98217] TCP estalishd has tabe entries: 82 (order:4, 65536 byes)
    4.134363] TCP bind hash tabl entries: 8192 (order: 5, 131072 bytes)
[   4.188334 TCP: Hash tables configured (established 8192 bind 8192)
[    4.244867] UDP hash table entries: 512 (order: 2, 16384 byts)
[    4.273682] UDP-Lite hash table entries: 512 (order: 2, 16384 btes)
    4.30519] NET: Registered protocol family 1
[    4.356245] pci 0000:00:00.0: Limiting direct PCI/PCI transfers
[    4.59130] pci 0000:00:01.0: Activating ISA DMA hang workarounds
[    4.389007] Unpacking initramfs...

[    4.669894] Freeing initrd memory: 14788K
[    4.677498] RAPL PMU detected, API unit is 2^-32 Joules, 4 fixed counters 10737418240 ms ovfl timer
[    4.690553] hw unit of domain pp0-core 2^-0 Joules
[    4.692904] hw unit of domain package 2^-0 Joules
[    4.695142] hw unit of domain dram 2^-0 Joules
[    4.697150] hw unit of domain pp1-gpu 2^-0 Joules
[    4.709364] platform rtc_cmos: registered platform RTC device (no PNP device found)
[    4.714270] Scanning for low memory corruption every 60 seconds
[    4.725250] audit: initializing netlink subsys (disabled)
[    4.727989] audit: type=2000 audit(1540823517.794:1): initialized
[    4.738124] Initialise system trusted keyring
[    4.740464] HugeTLB registered 2 MB page size, pre-allocated 0 pages
[    4.744910] zbud: loaded
[    4.756551] VFS: Disk quotas dquot_6.6.0
[    4.758405] VFS: Dquot-cache hash table entries: 512 (order 0, 4096 bytes)
[    4.762238] squashfs: version 4.0 (2009/01/31) Phillip Lougher
[    4.775012] fuse init (API version 7.23)
[    4.778867] Key type big_key registered
[    4.787262] Allocating IMA MOK and blacklist keyrings.
[    4.795553] Key type asymmetric registered
[    4.799700] Asymmetric key parser 'x509' registered
[    4.808663] Block layer SCSI generic (bsg) driver version 0.4 loaded (major 249)
[    4.817845] io scheduler noop registered
[    4.841464] io scheduler deadline registered (default)
[    4.849926] io scheduler cfq registered
[    4.854925] pci_hotplug: PCI Hot Plug PCI Core version: 0.5
[    4.874119] pciehp: PCI Express Hot Plug Controller Driver version: 0.4
[    4.879124] ACPI: AC Adapter [AC] (off-line)
[    4.899849] input: Power Button as /devices/LNXSYSTM:00/LNXPWRBN:00/input/input0
[    4.902998] ACPI: Power Button [PWRF]
[    4.904828] input: Sleep Button as /devices/LNXSYSTM:00/LNXSLPBN:00/input/input1
[    4.908145] ACPI: Sleep Button [SLPF]
[    4.911403] GHES: HEST is not enabled!
[    4.911482] ACPI: Battery Slot [BAT0] (battery present)
[    4.916231] Serial: 8250/16550 driver, 32 ports, IRQ sharing enabled
[    4.943877] 00:02: ttyS0 at I/O 0x3f8 (irq = 4, base_baud = 115200) is a 1650A

[    4.978557] Linux agpgart interface v0.103
[    4.983878] loop: module loaded
[    4.985749] scsi host0: ata_piix
[    4.987071] scsi host1: ata_piix
[    4.988308] ata1: PATA max UDMA/33 cmd 0x1f0 ctl 0x3f6 bmdma 0xd000 irq 14
[    4.990899] ata2: PATA max UDMA/33 cmd 0x170 ctl 0x376 bmdma 0xd008 irq 15
[    4.993729] libphy: Fixed MDIO Bus: probed
[    4.995480] tun: Universal TUN/TAP device driver, 1.6
[    5.004787] tun: (C) 1999-2004 Max Krasnyansky <maxk@qualcomm.com>
[    5.013838] PPP generic driver version 2.4.2
[    5.016287] ehci_hcd: USB 2.0 'Enhanced' Host Controller (EHCI) Driver
[    5.024733] ehci-pci: EHCI PCI platform driver
[    5.026511] ehci-platform: EHCI generic platform driver
[    5.028691] ohci_hcd: USB 1.1 'Open' Host Controller (OHCI) Driver
[    5.031324] ohci-pci: OHCI PCI platform driver
[    5.044535] ohci-platform: OHCI generic platform driver
[    5.048342] uhci_hcd: USB Universal Host Controller Interface driver
[    5.051225] i8042: PNP: PS/2 Controller [PNP0303:PS2K,PNP0f03:PS2M] at 0x60,0x64 irq 1,12
[    5.060442] serio: i8042 KBD port at 0x60,0x64 irq 1
[    5.071994] serio: i8042 AUX port at 0x60,0x64 irq 12
[    5.077762] mousedev: PS/2 mouse device common for all mice
[    5.081060] input: AT Translated Set 2 keyboard as /devices/platform/i8042/serio0/input/input2
[    5.087227] rtc_cmos rtc_cmos: rtc core: regstered rtc_cmos as rtc0
[    5.119035] rtc_cmos rtc_cmos: alarms up to one day, 114 bytes nvra
[    5.184667] i2c /dev entries driver
[    5.186339] devce-maper: uevent: version .0.3

[    5.266535] device-mapper: ioctl: 4.34.0-ioctl (2015-10-28) initialised: dm-devel@redhat.com
[    5.274265] ledtrig-cpu: registered to indicate activity on CPUs
[    5.280463] NET: Registered protocol family 10
[    5.284911] NET: Registered protocol family 17
[    5.289532] Key type dns_resolver registered
[    5.293760] registered taskstats version 1
[    5.297336] Loading compiled-in X.509 certificates
[    5.305724] Loaded X.509 cert 'Build time autogenerated kernel key: 20acc96b50ca7641011eace69d32209215a9b56f'
[    5.318211] zswap: loaded using pool lzo/zbud
[    5.327678] Key type trusted registered
[    5.341516] Key type encrypted registered
[    5.343175] AppArmor: AppArmor sha1 policy hashing enabled
[    5.348670] ima: No TPM chip found, activating TPM-bypass!
[    5.353415] ima: Allocated hash algorithm: sha1
[    5.355491] evm: HMAC attrs: 0x1
[    5.357645]   Magic number: 6:168:537
[    5.360762] tty ttyS17: hash matches
[    5.371449] rtc_cmos rtc_cmos: setting system clock to 2018-10-29 14:31:51 UTC (1540823511)
[    5.375159] BIOS EDD facility v0.16 2004-Jun-25, 0 devices found
[    5.382074] EDD information not available.
[    5.386543] Freeing unused kernel memory: 1528K
[    5.399880] Write protecting the kernel read-only data: 14336k
[    5.408775] Freeing unused kernel memory: 1672K
[    5.413451] Freeing unused kernel memory: 92K
[    5.707835] tsc: Refined TSC clocksource calibration: 1600.000 MHz
[    5.707838] clocksource: tsc: mask: 0xffffffffffffffff max_cycles: 0x171024fa93b, max_idle_ns: 440795253189 ns
Loading, please wait...
starting version 229
[    7.155775] random: systemd-udevd: uninitialized urandom read (16 bytes read, 7 bits of entropy available)
[    7.158817] random: udevadm: uninitialized urandom read (16 bytes read, 7 bits of entropy available)
[    7.158858] random: udevadm: uninitialized urandom read (16 bytes read, 7 bits of entropy available)
[    7.184448] random: udevadm: uninitialized urandom read (16 bytes read, 7 bits of entropy available)
[    7.184502] random: udevadm: uninitialized urandom read (16 bytes read, 7 bits of entropy available)
[    7.184653] random: udevadm: uninitialized urandom read (16 bytes read, 7 bits of entropy available)
[    7.184709] random: udevadm: uninitialized urandom read (16 bytes read, 7 bits of entropy available)
[    7.184766] random: udevadm: uninitialized urandom read (16 bytes read, 7 bits of entropy available)
[    7.184821] random: udevadm: uninitialized urandom read (16 bytes read, 7 bits of entropy available)
[    7.184875] random: udevadm: uninitialized urandom read (16 bytes read, 7 bits of entropy available)
[    7.384595] Fusion MPT base driver 3.04.20
[    7.387081] Copyright (c) 1999-2008 LSI Corporation
[    7.391242] e1000: Intel(R) PRO/1000 Network Driver - version 7.3.21-k8-NAPI
[    7.393587] e1000: Copyright (c) 1999-2006 Intel Corporation.
[    7.409072] Fusion MPT SPI Host driver 3.04.20
[    7.427397] AVX2 version of gcm_enc/dec engaged.
[    7.436822] AES CTR mode by8 optimization enabled
[    7.593116] input: ImExPS/2 Generic Explorer Mouse as /devices/platform/i8042/serio1/input/input4
[    7.926827] e1000 0000:00:03.0 eth0: (PCI:33MHz:32-bit) 02:28:89:27:00:51
[    7.932172] e1000 0000:00:03.0 eth0: Intel(R) PRO/1000 Network Connection
[    8.428898] e1000 0000:00:08.0 eth1: (PCI:33MHz:32-bit) 08:00:27:82:a6:be
[    8.432098] e1000 0000:00:08.0 eth1: Intel(R) PRO/1000 Network Connection
[    8.442516] e1000 0000:00:08.0 enp0s8: renamed from eth1
[    8.454869] mptbase: ioc0: Initiating bringup
[    8.472378] e1000 0000:00:03.0 enp0s3: renamed from eth0
[    8.529601] ioc0: LSI53C1030 A0: Capabilities={Initiator}
[   10.440712] scsi host2: ioc0: LSI53C1030 A0, FwRev=00000000h, Ports=1, MaxQ=256, IRQ=20
[   11.689245] scsi 2:0:0:0: Direct-Access     VBOX     HARDDISK         1.0  PQ: 0 ANSI: 5
[   11.744647] scsi target2:0:0: Beginning Domain Validation
[   11.752850] scsi target2:0:0: Domain Validation skipping write tests
[   12.139576] scsi target2:0:0: Ending Domain Validation
[   13.104607] scsi target2:0:0: asynchronous
[   13.109716] scsi 2:0:1:0: Direct-Access     VBOX     HARDDISK         1.0  PQ: 0 ANSI: 5
[   13.119567] scsi target2:0:1: Beginning Domain Validation
[   13.129642] scsi target2:0:1: Domain Validation skipping write tests
[   13.136490] scsi target2:0:1: Ending Domain Validation
[   13.144261] scsi target2:0:1: asynchronous
[   13.292359] sd 2:0:0:0: [sda] 20971520 512-byte logical blocks: (10.7 GB/10.0 GiB)
[   13.292384] sd 2:0:0:0: Attached scsi generic sg0 type 0
[   13.306844] sd 2:0:0:0: [sda] Write Protect is off
[   13.309848] sd 2:0:1:0: [sdb] 20480 512-byte logical blocks: (10.5 MB/10.0 MiB)
[   13.309851] sd 2:0:1:0: Attached scsi generic sg1 type 0
[   13.319360] sd 2:0:0:0: [sda] Incomplete mode parameter data
[   13.319362] sd 2:0:0:0: [sda] Assuming drive cache: write through
[   13.323088]  sda: sda1
[   13.324230] sd 2:0:0:0: [sda] Attached SCSI disk
[   13.345205] sd 2:0:1:0: [sdb] Write Protect is off
[   13.358125] sd 2:0:1:0: [sdb] Incomplete mode parameter data
[   13.362017] sd 2:0:1:0: [sdb] Assuming drive cache: write through
[   13.392180] sd 2:0:1:0: [sdb] Attached SCSI disk
Begin: Loading essential drivers ... [   14.869157] md: linear personality registered for level -1
[   14.884287] md: multipath personality registered for level -4
[   14.890701] md: raid0 personality registered for level 0
[   14.897036] md: raid1 personality registered for level 1
[   14.975148] raid6: sse2x1   gen()  8030 MB/s
[   15.047578] raid6: sse2x1   xor()  6117 MB/s
[   15.123468] raid6: sse2x2   gen()  9943 MB/s
[   15.199919] raid6: sse2x2   xor()  6334 MB/s
[   15.299144] raid6: sse2x4   gen()  4932 MB/s
[   15.375376] raid6: sse2x4   xor()  7708 MB/s
[   15.455238] raid6: avx2x1   gen() 15259 MB/s
[   15.539431] raid6: avx2x2   gen() 17799 MB/s
[   15.627687] raid6: avx2x4   gen() 20156 MB/s
[   15.633972] raid6: using algorithm avx2x4 gen() 20156 MB/s
[   15.645819] raid6: using avx2x2 recovery algorithm
[   15.649709] xor: automatically using best checksumming function:
[   15.695310]    avx       : 21514.000 MB/sec
[   15.701709] async_tx: api initialized (async)
[   15.725053] md: raid6 personality registered for level 6
[   15.740235] md: raid5 personality registered for level 5
[   15.748917] md: raid4 personality registered for level 4
[   15.762588] md: raid10 personality registered for level 10
done.
Begin: Running /scripts/init-premount ... done.
Begin: Mounting root file system ... Begin: Running /scripts/local-top ... done.
Begin: Running /scripts/local-premount ... [   15.804436] Btrfs loaded
Scanning for Btrfs filesystems
done.
Warning: fsck not present, so skipping root file system
[   15.920142] EXT4-fs (sda1): mounted filesystem with ordered data mode. Opts: (null)
done.
Begin: Running /scripts/local-bottom ... done.
Begin: Running /scripts/init-bottom ... done.
[   16.410838] systemd[1]: systemd 229 running in system mode. (+PAM +AUDIT +SELINUX +IMA +APPARMOR +SMACK +SYSVINIT +UTMP +LIBCRYPTSETUP +GCRYPT +GNUTLS +ACL +XZ -LZ4 +SECCOMP +BLKID +ELFUTILS +KMOD -IDN)
[   16.438610] systemd[1]: Detected virtualization oracle.
[   16.442163] systemd[1]: Detected architecture x86-64.

Welcome to [1mUbuntu 16.04.5 LTS[0m!

[   16.462268] systemd[1]: Set hostname to <ubuntu>.
[   16.477905] systemd[1]: Initializing machine ID from random generator.
[   16.490239] systemd[1]: Installed transient /etc/machine-id file.
[   17.216689] systemd[1]: Listening on udev Kernel Socket.
[[0;32m  OK  [0m] Listening on udev Kernel Socket.
[   17.235631] systemd[1]: Listening on Journal Socket (/dev/log).
[[0;32m  OK  [0m] Listening on Journal Socket (/dev/log).
[   17.264521] systemd[1]: Reached target Swap.
[[0;32m  OK  [0m] Reached target Swap.
[   17.283892] systemd[1]: Listening on Syslog Socket.
[[0;32m  OK  [0m] Listening on Syslog Socket.
[   17.293056] systemd[1]: Set up automount Arbitrary Executable File Formats File System Automount Point.
[[0;32m  OK  [0m] Set up automount Arbitrary Executab...ats File System Automount Point.
[   17.352583] systemd[1]: Listening on udev Control Socket.
[[0;32m  OK  [0m] Listening on udev Control Socket.
[   17.388999] systemd[1]: Listening on LVM2 poll daemon socket.
[[0;32m  OK  [0m] Listening on LVM2 poll daemon socket.
[   17.420889] systemd[1]: Reached target Encrypted Volumes.
[[0;32m  OK  [0m] Reached target Encrypted Volumes.
[   17.484974] systemd[1]: Reached target User and Group Name Lookups.
[[0;32m  OK  [0m] Reached target User and Group Name Lookups.
[   17.509826] systemd[1]: Reached target System Time Synchronized.
[[0;32m  OK  [0m] Reached target System Time Synchronized.
[   17.571851] systemd[1]: Started Forward Password Requests to Wall Directory Watch.
[[0;32m  OK  [0m] Started Forward Password Requests to Wall Directory Watch.
[   17.607774] systemd[1]: Listening on /dev/initctl Compatibility Named Pipe.
[[0;32m  OK  [0m] Listening on /dev/initctl Compatibility Named Pipe.
[   17.625462] systemd[1]: Started Trigger resolvconf update for networkd DNS.
[[0;32m  OK  [0m] Started Trigger resolvconf update for networkd DNS.
[   17.638361] systemd[1]: Listening on Device-mapper event daemon FIFOs.
[[0;32m  OK  [0m] Listening on Device-mapper event daemon FIFOs.
[   17.656748] systemd[1]: Created slice System Slice.
[[0;32m  OK  [0m] Created slice System Slice.
[   17.692081] systemd[1]: Created slice system-serial\x2dgetty.slice.
[[0;32m  OK  [0m] Created slice system-serial\x2dgetty.slice.
[   17.718900] systemd[1]: Listening on LVM2 metadata daemon socket.
[[0;32m  OK  [0m] Listening on LVM2 metadata daemon socket.
[   17.809641] systemd[1]: Created slice User and Session Slice.
[[0;32m  OK  [0m] Created slice User and Session Slice.
[   17.831769] systemd[1]: Reached target Slices.
[[0;32m  OK  [0m] Reached target Slices.
[   17.842550] systemd[1]: Listening on Journal Socket.
[[0;32m  OK  [0m] Listening on Journal Socket.
[   17.888088] systemd[1]: Mounting Debug File System...
[   17.891077] random: nonblocking pool is initialized
         Mounting Debug File System...
[   17.904378] systemd[1]: Mounting Huge Pages File System...
         Mounting Huge Pages File System...
[   17.955561] systemd[1]: Starting Load Kernel Modules...
         Starting Load Kernel Modules...
[   17.979825] Loading iSCSI transport class v2.0-870.
[   18.002199] iscsi: registered transport (tcp)
[   18.003637] systemd[1]: Starting Create list of required static device nodes for the current kernel...
         Starting Create list of required st... nodes for the current kernel...
[   18.023780] systemd[1]: Starting Nameserver information manager...
         Starting Nameserver information manager...
[   18.032204] systemd[1]: Starting Monitoring of LVM2 mirrors, snapshots etc. using dmeventd or progress polling...
         Starting Monitoring of LVM2 mirrors... dmeventd or progress polling...
[   18.067791] systemd[1]: Mounting POSIX Message Queue File System...
         Mounting POSIX Message Queue File Syste[   18.076867] iscsi: registered transport (iser)
m...
[   18.089097] systemd[1]: Starting Uncomplicated firewall...
         Starting Uncomplicated firewall...
[   18.098469] systemd[1]: Starting Set console keymap...
         Starting Set console keymap...
[   18.112468] systemd[1]: Starting Remount Root and Kernel File Systems...
[   18.122272] EXT4-fs (sda1): re-mounted. Opts: (null)
         Starting Remount Root and Kernel File Systems...
[   18.129290] systemd[1]: Listening on Journal Audit Socket.
[[0;32m  OK  [0m] Listening on Journal Audit Socket.
[   18.170623] systemd[1]: Starting Journal Service...
         Starting Journal Service...
[   18.181820] systemd[1]: Mounted Debug File System.
[[0;32m  OK  [0m] Mounted Debug File System.
[   18.216025] systemd[1]: Mounted POSIX Message Queue File System.
[[0;32m  OK  [0m] Mounted POSIX Message Queue File System.
[   18.239553] systemd[1]: Mounted Huge Pages File System.
[[0;32m  OK  [0m] Mounted Huge Pages File System.
[   18.268191] systemd[1]: Started Journal Service.
[[0;32m  OK  [0m] Started Journal Service.
[[0;32m  OK  [0m] Started Load Kernel Modules.
[[0;32m  OK  [0m] Started Create list of required sta...ce nodes for the current kernel.
[[0;32m  OK  [0m] Started Uncomplicated firewall.
[[0;32m  OK  [0m] Started Set console keymap.
[[0;32m  OK  [0m] Started Remount Root and Kernel File Systems.
[[0;32m  OK  [0m] Started Nameserver information manager.
[[0;32m  OK  [0m] Started LVM2 metadata daemon.
         Starting udev Coldplug all Devices...
         Starting Load/Save Random Seed...
         Starting Create Static Device Nodes in /dev...
         Starting Apply Kernel Variables...
         Mounting FUSE Control File System...
         Starting Flush Journal to Persistent Storage...
[[0;32m  OK  [0m] Mounted FUSE Control File System.
[[0;32m  OK  [0m] Started Load/Save Random Seed.
[[0;32m  OK  [0m] Started Apply Kernel Variables.
[[0;32m  OK  [0m] Started Create Static Device Nodes in /dev.
[[0;32m  OK  [0m] Started udev Coldplug all Devices.
[[0;32m  OK  [0m] Started Flush Journal to Persistent Storage.
         Starting udev Kernel Device Manager...
[[0;32m  OK  [0m] Started udev Kernel Device Manager.
[[0;32m  OK  [0m] Started Dispatch Password Requests to Console Directory Watch.
[[0;32m  OK  [0m] Started Monitoring of LVM2 mirrors,...ng dmeventd or progress polling.
[[0;32m  OK  [0m] Found device /dev/ttyS0.
[[0;32m  OK  [0m] Listening on Load/Save RF Kill Switch Status /dev/rfkill Watch.
[[0;32m  OK  [0m] Reached target Local File Systems (Pre).
[[0;32m  OK  [0m] Reached target Local File Systems.
         Starting Commit a transient machine-id on disk...
         Starting Create Volatile Files and Directories...
         Starting Set console font and keymap...
         Starting Initial cloud-init job (pre-networking)...
         Starting LSB: AppArmor initialization...
         Starting Tell Plymouth To Write Out Runtime Data...
[[0;32m  OK  [0m] Started Commit a transient machine-id on disk.
[[0;32m  OK  [0m] Started Create Volatile Files and Directories.
[[0;32m  OK  [0m] Started Tell Plymouth To Write Out Runtime Data.
         Starting Update UTMP about System Boot/Shutdown...
[[0;32m  OK  [0m] Started Update UTMP about System Boot/Shutdown.
[[0;32m  OK  [0m] Started Set console font and keymap.
[[0;32m  OK  [0m] Created slice system-getty.slice.
[[0;32m  OK  [0m] Started LSB: AppArmor initialization.
[   18.953710] cloud-init[568]: Cloud-init v. 18.3-9-g2e62cb8a-0ubuntu1~16.04.2 running 'init-local' at Mon, 29 Oct 2018 14:32:07 +0000. Up 18.37 seconds.
[[0;32m  OK  [0m] Started Initial cloud-init job (pre-networking).
[[0;32m  OK  [0m] Reached target Network (Pre).
         Starting Raise network interfaces...
[[0;32m  OK  [0m] Started Raise network interfaces.
[[0;32m  OK  [0m] Reached target Network.
         Starting Initial cloud-init job (metadata service crawler)...
[   21.537908] cloud-init[953]: Cloud-init v. 18.3-9-g2e62cb8a-0ubuntu1~16.04.2 running 'init' at Mon, 29 Oct 2018 14:32:08 +0000. Up 19.82 seconds.
[   21.549943] cloud-init[953]: ci-info: +++++++++++++++++++++++++++++++++++++Net device info++++++++++++++++++++++++++++++++++++++
[   21.558600] cloud-init[953]: ci-info: +--------+-------+--------------------------+---------------+--------+-------------------+
[   21.585611] cloud-init[953]: ci-info: | Device |   Up  |         Address          |      Mask     | Scope  |     Hw-Address    |
[   21.598473] cloud-init[953]: ci-info: +--------+-------+--------------------------+---------------+--------+-------------------+
[   21.614325] cloud-init[953]: ci-info: | enp0s3 |  True |        10.0.2.15         | 255.255.255.0 | global | 02:28:89:27:00:51 |
[   21.632828] cloud-init[953]: ci-info: | enp0s3 |  True | fe80::28:89ff:fe27:51/64 |       .       |  link  | 02:28:89:27:00:51 |
[   21.644650] cloud-init[953]: ci-info: | enp0s8 | False |            .             |       .       |   .    | 08:00:27:82:a6:be |
[   21.656271] cloud-init[953]: ci-info: |   lo   |  True |        127.0.0.1         |   255.0.0.0   |  host  |         .         |
[   21.689162] cloud-init[953]: ci-info: |   lo   |  True |         ::1/128          |       .       |  host  |         .         |
[   21.701849] cloud-init[953]: ci-info: +--------+-------+--------------------------+---------------+--------+-------------------+
[   21.703031] cloud-init[953]: ci-info: +++++++++++++++++++++++++++Route IPv4 info++++++++++++++++++++++++++++
[[0;32m  OK  [0m] Started Initial cloud-init job (metadata service crawler).
[   21.705296] cloud-init[953]: ci-info: +-------+-------------+----------+---------------+-----------+-------+
[[0;32m  OK  [0m] Reached target Cloud-config availability.
[   21.770288] cloud-init[953]: ci-info: | Route | Destination | Gateway  |    Genmask    | Interface | Flags |
[   21.801717] cloud-init[953]: ci-info: +-------+-------------+----------+---------------+-----------+-------+
[[0;32m  OK  [0m] Reached target Network is Online.
[   21.803320] cloud-init[953]: ci-info: |   0   |   0.0.0.0   | 10.0.2.2 |    0.0.0.0    |   enp0s3  |   UG  |
[   21.856441] cloud-init[953]: ci-info: |   1   |   10.0.2.0  | 0.0.0.0  | 255.255.255.0 |   enp0s3  |   U   |
         Starting iSCSI initiator daemon (iscsid)...
[[0;32m  OK  [0m] [   21.857770] cloud-init[953]: ci-info: +-------+-------------+----------+---------------+-----------+-------+
[   21.965066] cloud-init[953]: ci-info: +++++++++++++++++++Route IPv6 info+++++++++++++++++++
Reached target System Initialization.
[   21.965877] cloud-init[953]: ci-info: +-------+-------------+---------+-----------+-------+
[[0;32m  OK  [0m] Listening on UUID daemon activation socket.
[   21.990704] cloud-init[953]: ci-info: | Route | Destination | Gateway | Interface | Flags |
[[   22.018238] cloud-init[953]: ci-info: +-------+-------------+---------+-----------+-------+
[   22.019939] cloud-init[953]: ci-info: |   0   |  fe80::/64  |    ::   |   enp0s3  |   U   |
[   22.023925] cloud-init[953]: ci-info: |   3   |   ff00::/8  |    ::   |   enp0s3  |   U   |
[   22.024144] cloud-init[953]: ci-info: +-------+-------------+---------+-----------+-------+
[0;32m  OK  [0m] Started Daily Cleanup of Temporary Directories.
[   22.024979] cloud-init[953]: Generating public/private rsa key pair.
[   22.152764] cloud-init[953]: Your identification has been saved in /etc/ssh/ssh_host_rsa_key.
[   22.153884] cloud-init[953]: Your public key has been saved in /etc/ssh/ssh_host_rsa_key.pub.
[[0;32m  OK  [0m] Listening on D-Bus System Message Bus Socket.
[   22.154829] cloud-init[953]: The key fingerprint is:
[   22.363262] cloud-init[953]: SHA256:DubjmjNgoNv0N4SGjqUFRLj/dx1FvwsvMJ1B7AjKzwY root@ubuntu-xenial
[   22.364218] cloud-init[953]: The key's randomart image is:
         Starting Socket activation for snappy daemon.
[   22.369530] cloud-init[953]: +---[RSA 2048]----+
[   22.388887] cloud-init[953]: |o.         .     |
[   22.389990] cloud-init[953]: |..      .   +    |
[[0;32m  OK  [0m] Listening on ACPID Listen Socket.
[   22.394818] cloud-init[953]: |..   . . . = .   |
[   22.410832] cloud-init[953]: |+     E   . + .  |
[   22.411644] cloud-init[953]: |.+ . .o+S  o o . |
[   22.415054] cloud-init[953]: |. O oo.o+ + + .  |
[   22.416041] cloud-init[953]: | @ = .o... + o . |
[   22.416614] cloud-init[953]: |+ o =o+.. . . o  |
[[0;32m  OK  [0m] Started Daily apt download activities.
[   22.418248] cloud-init[953]: |    o*.o     .   |
[   22.468821] cloud-init[953]: +----[SHA256]-----+
[   22.469671] cloud-init[953]: Generating public/private dsa key pair.
         Starting LXD - unix socket.
[   22.470668] cloud-init[953]: Your identification has been saved in /etc/ssh/ssh_host_dsa_key.
[   22.619415] cloud-init[953]: Your public key has been saved in /etc/ssh/ssh_host_dsa_key.pub.
[   22.620230] cloud-init[953]: The key fingerprint is:
[[0;32m  OK  [0m] Started ACPI Events Check.
[   22.621023] cloud-init[953]: SHA256:AR92B1OfrxGxIZtdz+brUti5hUuLbTZP7AvPnLElsFE root@ubuntu-xenial
[[0;32m  OK  [0m] Reached target Paths.
[   22.763396] cloud-init[953]: The key's randomart image is:
[   22.771168] cloud-init[953]: +---[DSA 1024]----+
[   22.772012] cloud-init[953]: |      . o +o+ o .|
[[0;32m  OK  [0m] Started Daily apt upgrade and clean activities.[   22.773643] 
cloud-init[953]: |       + o o * B.|
[   22.773779] cloud-init[953]: |        o   o E +|
[[0;32m  OK  [0m] Reached target Timers.
[   22.803008] cloud-init[953]: |         .   . = |
[   22.814513] cloud-init[953]: |        S   o +.+|
[   22.819954] cloud-init[953]: |             =oBo|
[   22.826915] cloud-init[953]: |            .=+=*|
[   22.828030] cloud-init[953]: |            ..&==|
[   22.830121] cloud-init[953]: |             o.@+|
[   22.832267] cloud-init[953]: +----[SHA256]-----+
[   22.833208] cloud-init[953]: Generating public/private ecdsa key pair.
[   22.833297] cloud-init[953]: Your identification has been saved in /etc/ssh/ssh_host_ecdsa_key.
[   22.833367] cloud-init[953]: Your public key has been saved in /etc/ssh/ssh_host_ecdsa_key.pub.
[   22.833443] cloud-init[953]: The key fingerprint is:
[   22.833516] cloud-init[953]: SHA256:VTKuoZOlpnr8lmVYZnLUJI7ixWvPTwEm1xjg+pa7cTk root@ubuntu-xenial
[   22.833589] cloud-init[953]: The key's randomart image is:
[   22.833659] cloud-init[953]: +---[ECDSA 256]---+
[   22.833729] cloud-init[953]: |      ..oo+ .    |
[   22.833885] cloud-init[953]: |     o o.*.+     |
[   22.833977] cloud-init[953]: |    . *.O +      |
[   22.834037] cloud-init[953]: |   . +.X==       |
[   22.834096] cloud-init[953]: |    o OBS .      |
[   22.834154] cloud-init[953]: |     =.=o. .     |
[   22.834224] cloud-init[953]: |   .. =+E .      |
[   22.834287] cloud-init[953]: |   .o.o+ +       |
[   22.834355] cloud-init[953]: |  .. o+.  .      |
[   22.834425] cloud-init[953]: +----[SHA256]-----+
[   22.834473] cloud-init[953]: Generating public/private ed25519 key pair.
[   22.834541] cloud-init[953]: Your identification has been saved in /etc/ssh/ssh_host_ed25519_key.
[   22.834594] cloud-init[953]: Your public key has been saved in /etc/ssh/ssh_host_ed25519_key.pub.
[   22.834663] cloud-init[953]: The key fingerprint is:
[   22.834732] cloud-init[953]: SHA256:jWCt5JMgs8AoIm6uvKpuciCLTuaDMtmz2eV/zahsLHE root@ubuntu-xenial
[   22.834783] cloud-init[953]: The key's randomart image is:
[   22.834851] cloud-init[953]: +--[ED25519 256]--+
[   22.834918] cloud-init[953]: |                 |
[   22.834985] cloud-init[953]: |o      .         |
[   22.835552] cloud-init[953]: |*.o . + .        |
[   22.835937] cloud-init[953]: |=. + = + o       |
[   22.836037] cloud-init[953]: | o.   = S .      |
[[0;32m  OK  [0m] Listening on Socket activation for snappy daemon.
[   22.837967] cloud-init[953]: |=     ..E        |
[   23.367043] cloud-init[953]: |+O    .+   +     |
[   23.367596] cloud-init[953]: |#o+o o..o o o    |
[[0;32m  OK  [0m] Listening on LXD - unix socket.
[   23.369961] cloud-init[953]: |%O=o. .++o       |
[   23.627959] cloud-init[953]: +----[SHA256]-----+
[[0;32m  OK  [0m] Started iSCSI initiator daemon (iscsid).
         Starting Login to default iSCSI targets...
[[0;32m  OK  [0m] Reached target Sockets.
[[0;32m  OK  [0m] Reached target Basic System.
         Starting Virtualbox guest utils...
[[0;32m  OK  [0m] Started FUSE filesystem for LXC.
         Starting LSB: Record successful boot for GRUB...
         Starting Accounts Service...
[[0;32m  OK  [0m] Started D-Bus System Message Bus.
         Starting System Logging Service...
[[0;32m  OK  [0m] Started Deferred execution scheduler.
         Starting Pollinate to seed the pseudo random number generator...
[[0;32m  OK  [0m] Started ACPI event daemon.
[[0;32m  OK  [0m] Started Regular background program processing daemon.
         Starting Snappy daemon...
[[0;32m  OK  [0m] Started Unattended Upgrades Shutdown.
         Starting Login Service...
         Starting LSB: MD monitoring daemon...
         Starting LXD - container startup/shutdown...
         Starting /etc/rc.local Compatibility...
[[0;32m  OK  [0m] Started System Logging Service.
[[0;32m  OK  [0m] Started /etc/rc.local Compatibility.
[[0;32m  OK  [0m] Started Login to default iSCSI targets.
[[0;32m  OK  [0m] Started LSB: Record successful boot for GRUB.
         Starting Authenticate and Authorize Users to Run Privileged Tasks...
[[0;32m  OK  [0m] Reached target Remote File Systems (Pre).
[[0;32m  OK  [0m] Reached target Remote File Systems.
         Starting Permit User Sessions...
         Starting LSB: Set the CPU Frequency Scaling governor to "ondemand"...
         Starting LSB: daemon to balance interrupts for SMP systems...
         Starting LSB: automatic crash report generation...
[[0;32m  OK  [0m] Started Virtualbox guest utils.
[[0;32m  OK  [0m] Started LSB: MD monitoring daemon.
[[0;32m  OK  [0m] Started LXD - container startup/shutdown.
[[0;32m  OK  [0m] Started Permit User Sessions.
[[0;32m  OK  [0m] Started Login Service.
[[0;32m  OK  [0m] Started Authenticate and Authorize Users to Run Privileged Tasks.
[[0;32m  OK  [0m] Started Accounts Service.
[[0;32m  OK  [0m] Started Pollinate to seed the pseudo random number generator.
[[0;32m  OK  [0m] Started Snappy daemon.
         Starting Wait until snapd is fully seeded...
         Starting OpenBSD Secure Shell server...
         Starting Terminate Plymouth Boot Screen...
         Starting Hold until boot process finishes up...
[[0;32m  OK  [0m] Started OpenBSD Secure Shell server.
[[0;32m  OK  [0m] Started LSB: Set the CPU Frequency Scaling governor to "ondemand".
[[0;32m  OK  [0m] Started LSB: daemon to balance interrupts for SMP systems.
[[0;32m  OK  [0m] Started LSB: automatic crash report generation.
[[0;32m  OK  [0m] Started Terminate Plymouth Boot Screen.
[[0;32m  OK  [0m] Started Hold until boot process finishes up.
         Starting Set console scheme...
[[0;32m  OK  [0m] Started Serial Getty on ttyS0.
[[0;32m  OK  [0m] Started Getty on tty1.
[[0;32m  OK  [0m] Reached target Login Prompts.
[[0;32m  OK  [0m] Started Set console scheme.
[[0;32m  OK  [0m] Created slice User Slice of vagrant.
[[0;32m  OK  [0m] Started Session 1 of user vagrant.
         Starting User Manager for UID 1000...
[[0;32m  OK  [0m] Started User Manager for UID 1000.
         Stopping User Manager for UID 1000...
[[0;32m  OK  [0m] Created slice User Slice of vagrant.
[[0;32m  OK  [0m] Started Session 2 of user vagrant.
         Starting User Manager for UID 1000...
[[0;32m  OK  [0m] Started User Manager for UID 1000.
[[0;32m  OK  [0m] Started Wait until snapd is fully seeded.
         Starting Apply the settings specified in cloud-config...
[[0;32m  OK  [0m] Reached target Multi-User System.
[[0;32m  OK  [0m] Reached target Graphical Interface.
         Starting Update UTMP about System Runlevel Changes...
[[0;32m  OK  [0m] Started Update UTMP about System Runlevel Changes.
[   29.848849] cloud-init[1650]: Generating locales (this might take a while)...

Ubuntu 16.04.5 LTS ubuntu-xenial ttyS0

ubuntu-xenial login: [   31.385317] cloud-init[1650]:   en_US.UTF-8... done
[   31.391559] cloud-init[1650]: Generation complete.
[   32.101411] cloud-init[1650]: Cloud-init v. 18.3-9-g2e62cb8a-0ubuntu1~16.04.2 running 'modules:config' at Mon, 29 Oct 2018 14:32:18 +0000. Up 29.53 seconds.
ci-info: no authorized ssh keys fingerprints found for user ubuntu.
<14>Oct 29 14:32:22 ec2: 
<14>Oct 29 14:32:22 ec2: #############################################################
<14>Oct 29 14:32:22 ec2: -----BEGIN SSH HOST KEY FINGERPRINTS-----
<14>Oct 29 14:32:22 ec2: 1024 SHA256:AR92B1OfrxGxIZtdz+brUti5hUuLbTZP7AvPnLElsFE root@ubuntu-xenial (DSA)
<14>Oct 29 14:32:22 ec2: 256 SHA256:VTKuoZOlpnr8lmVYZnLUJI7ixWvPTwEm1xjg+pa7cTk root@ubuntu-xenial (ECDSA)
<14>Oct 29 14:32:22 ec2: 256 SHA256:jWCt5JMgs8AoIm6uvKpuciCLTuaDMtmz2eV/zahsLHE root@ubuntu-xenial (ED25519)
<14>Oct 29 14:32:22 ec2: 2048 SHA256:DubjmjNgoNv0N4SGjqUFRLj/dx1FvwsvMJ1B7AjKzwY root@ubuntu-xenial (RSA)
<14>Oct 29 14:32:22 ec2: -----END SSH HOST KEY FINGERPRINTS-----
<14>Oct 29 14:32:22 ec2: #############################################################
-----BEGIN SSH HOST KEY KEYS-----
ecdsa-sha2-nistp256 AAAAE2VjZHNhLXNoYTItbmlzdHAyNTYAAAAIbmlzdHAyNTYAAABBBNxPl/wAHinTbFFmMX4x80xPD0KVR/SUmQo4YK1vU53vVXHxShkCm/KrXrGV0aoID51Zyx0xllliBhpGhF9SGxE= root@ubuntu-xenial
ssh-ed25519 AAAAC3NzaC1lZDI1NTE5AAAAIOIOIpUp3x7queCmfmvSzb5Q2dsMKTstsWN6fPj+gEUp root@ubuntu-xenial
ssh-rsa AAAAB3NzaC1yc2EAAAADAQABAAABAQDUea9IY0TZj5rCSfenpDx07s0PPtDxF1x3vQqII7P/x919zjeA00efdqV9Oz/9YjFwU5tsmQivOqk69okjBr4YDTUjsCjmsviX0ZLBrhkWNPqjk8K2W82TRLTkokQIEu033zeyvSg2Ocou5yswAJCg/0bcABcpD5ILueU4+U01QfUI3YP2LvSpM7wD9l6pBxhw0pGF1lIqjaqVjDP+zXMUFuEfM8Eb7YQUPFy924PldDyNea3ES6mIHoWa0so3S99urT88KGPTgPgXvtm8IPnd3wOtyTDHs78A90x2eVxzEHV9UmTTKaiJfp6kk5KGv7+EaIWLbGvM73uN2zfxiYJR root@ubuntu-xenial
-----END SSH HOST KEY KEYS-----
[   33.226810] cloud-init[2115]: Cloud-init v. 18.3-9-g2e62cb8a-0ubuntu1~16.04.2 running 'modules:final' at Mon, 29 Oct 2018 14:32:22 +0000. Up 32.95 seconds.
[   33.227020] cloud-init[2115]: ci-info: no authorized ssh keys fingerprints found for user ubuntu.
[   33.227137] cloud-init[2115]: Cloud-init v. 18.3-9-g2e62cb8a-0ubuntu1~16.04.2 finished at Mon, 29 Oct 2018 14:32:22 +0000. Datasource DataSourceNoCloud [seed=/dev/sdb][dsmode=net].  Up 33.21 seconds
